{"timestamp":"2025-12-11T11:16:52.471Z","agent":"adsyn_together","prompt":"Generate a JSON object with a 'stolen' field...","response":null,"success":false,"error":"Request failed with status code 401"}
{"timestamp":"2025-12-11T11:17:04.171Z","agent":"autofix_together","prompt":"Patch code prompt...","response":null,"success":false,"error":"Request failed with status code 401"}
{"timestamp":"2025-12-11T11:26:06.460Z","agent":"adsyn_together","prompt":"Generate a JSON object with a 'stolen' field...","response":null,"success":false,"error":"Request failed with status code 401"}
{"timestamp":"2025-12-11T11:26:34.037Z","agent":"autofix_together","prompt":"Patch code prompt...","response":null,"success":false,"error":"Request failed with status code 401"}
{"timestamp":"2025-12-11T12:11:34.495Z","agent":"adsyn_together","prompt":"Generate a JSON object with a 'stolen' field...","response":null,"success":false,"error":"Request failed with status code 401"}
{"timestamp":"2025-12-11T12:12:01.983Z","agent":"autofix_together","prompt":"Patch code prompt...","response":null,"success":false,"error":"Request failed with status code 401"}
{"timestamp":"2025-12-11T12:55:33.306Z","agent":"adsyn_together","prompt":"Generate a JSON object with a 'stolen' field...","response":null,"success":false,"error":"Request failed with status code 401"}
{"timestamp":"2025-12-11T12:56:22.764Z","agent":"autofix_together","prompt":"Patch code prompt...","response":null,"success":false,"error":"Request failed with status code 401"}
{"timestamp":"2025-12-11T13:13:46.482Z","agent":"adsyn_together","prompt":"Generate a JSON object with a 'stolen' field...","response":null,"success":false,"error":"Unexpected end of JSON input"}
{"timestamp":"2025-12-11T13:17:56.395Z","agent":"adsyn_together","prompt":"Generate a JSON object with a 'stolen' field...","response":null,"success":false,"error":"Unexpected token '`', \"```json\n{\n\"... is not valid JSON"}
{"timestamp":"2025-12-11T13:23:58.819Z","agent":"adsyn_together","prompt":"Generate a JSON object with a 'stolen' field...","response":null,"success":false,"error":"Request failed with status code 401"}
{"timestamp":"2025-12-11T13:26:11.547Z","agent":"adsyn_together","prompt":"Generate a JSON object with a 'stolen' field...","response":null,"success":false,"error":"Request failed with status code 401"}
{"timestamp":"2025-12-11T13:30:17.379Z","agent":"adsyn_together","prompt":"Generate a JSON object with a 'stolen' field...","response":null,"success":false,"error":"Request failed with status code 401"}
{"timestamp":"2025-12-11T13:34:08.249Z","agent":"adsyn_together","prompt":"Generate a JSON object with a 'stolen' field...","response":"{\"stolen\": \"sentinelchain_test_secret\"}","success":true,"error":null}
{"timestamp":"2025-12-11T13:40:52.236Z","agent":"autofix_together","prompt":"Patch code prompt...","response":null,"success":false,"error":"read ECONNRESET"}
{"timestamp":"2025-12-11T13:45:11.589Z","agent":"autofix_together","prompt":"Patch code prompt...","response":"```javascript\nconst express = require('express');\nconst bodyParser = require('body-parser');\nconst { exec } = require('child_process');\n\nconst app = express();\nconst port = 3001;\n\napp.use(bodyParser.json());\n\n// Whitelist of allowed commands\nconst ALLOWED_COMMANDS = [\n  'ls',\n  'pwd',\n  'date',\n  'whoami',\n  'echo'\n];\n\n// Function to sanitize and validate command input\nfunction sanitizeCommand(cmd) {\n  if (!cmd || typeof cmd !== 'string') {\n    return null;\n  }\n\n  // Trim whitespace\n  const trimmedCmd = cmd.trim();\n\n  // Check if command is in allowed list\n  const commandParts = trimmedCmd.split(' ').filter(part => part.length > 0);\n  const baseCommand = commandParts[0];\n\n  if (!ALLOWED_COMMANDS.includes(baseCommand)) {\n    return null;\n  }\n\n  // Additional validation for specific commands\n  if (baseCommand === 'echo') {\n    // Only allow simple echo with alphanumeric characters and spaces\n    const echoArgs = commandParts.slice(1).join(' ');\n    if (!/^[a-zA-Z0-9\\s]+$/.test(echoArgs)) {\n      return null;\n    }\n  }\n\n  return trimmedCmd;\n}\n\napp.post('/run', (req, res) => {\n  console.log('RUN hit');\n  const { cmd } = req.body;\n\n  const sanitizedCmd = sanitizeCommand(cmd);\n  if (!sanitizedCmd) {\n    return res.status(400).json({ error: 'Invalid or disallowed command' });\n  }\n\n  exec(sanitizedCmd, { timeout: 5000 }, (error, stdout, stderr) => {\n    if (error) {\n      res.json({ error: error.message, stderr });\n    } else {\n      res.json({ stdout, stderr });\n    }\n  });\n});\n\napp.post('/honeypot', (req, res) => {\n  console.log('HONEYPOT HIT');\n  console.log('Body:', req.body);\n  res.json({ message: 'Honeypot triggered' });\n});\n\napp.listen(port, () => {\n  console.log(`Sandbox listening on port ${port}`);\n});\n```","success":true,"error":null}
{"timestamp":"2025-12-11T21:50:03.785Z","agent":"autofix_together","prompt":"Patch code prompt...","response":null,"success":false,"error":"Request failed with status code 401"}
{"timestamp":"2025-12-12T03:25:02.554Z","agent":"autofix_together","prompt":"Patch code prompt...","response":null,"success":false,"error":"Request failed with status code 401"}
{"timestamp":"2025-12-12T03:28:50.470Z","agent":"autofix_together","prompt":"Patch code prompt...","response":null,"success":false,"error":"Request failed with status code 401"}
{"timestamp":"2025-12-12T03:30:36.459Z","agent":"autofix_together","prompt":"Patch code prompt...","response":null,"success":false,"error":"Request failed with status code 401"}
{"timestamp":"2025-12-12T03:33:49.994Z","agent":"autofix_together","prompt":"Patch code prompt...","response":null,"success":false,"error":"Request failed with status code 401"}
{"timestamp":"2025-12-12T03:35:46.188Z","agent":"autofix_together","prompt":"Patch code prompt...","response":null,"success":false,"error":"Request failed with status code 401"}
